[0.695s] Invoking command in '/home/uli/robotics/ros2_ws/src/astar': PYTHONPATH=/home/uli/robotics/ros2_ws/build/astar/prefix_override:/usr/lib/python3/dist-packages/colcon_core/task/python/colcon_distutils_commands:/home/uli/robotics/ros2_ws/install/astar/lib/python3.10/site-packages:${PYTHONPATH} /usr/bin/python3 -W ignore:setup.py install is deprecated -W ignore:easy_install command is deprecated setup.py egg_info --egg-base ../../build/astar build --build-base /home/uli/robotics/ros2_ws/build/astar/build install --record /home/uli/robotics/ros2_ws/build/astar/install.log --single-version-externally-managed install_data
[0.947s] running egg_info
[0.948s] creating ../../build/astar/astar.egg-info
[0.948s] writing ../../build/astar/astar.egg-info/PKG-INFO
[0.948s] writing dependency_links to ../../build/astar/astar.egg-info/dependency_links.txt
[0.948s] writing entry points to ../../build/astar/astar.egg-info/entry_points.txt
[0.948s] writing requirements to ../../build/astar/astar.egg-info/requires.txt
[0.949s] writing top-level names to ../../build/astar/astar.egg-info/top_level.txt
[0.949s] writing manifest file '../../build/astar/astar.egg-info/SOURCES.txt'
[0.950s] reading manifest file '../../build/astar/astar.egg-info/SOURCES.txt'
[0.951s] writing manifest file '../../build/astar/astar.egg-info/SOURCES.txt'
[0.951s] running build
[0.951s] running build_py
[0.951s] creating /home/uli/robotics/ros2_ws/build/astar/build
[0.951s] creating /home/uli/robotics/ros2_ws/build/astar/build/lib
[0.951s] creating /home/uli/robotics/ros2_ws/build/astar/build/lib/astar
[0.951s] copying astar/simple_map_publisher.py -> /home/uli/robotics/ros2_ws/build/astar/build/lib/astar
[0.951s] copying astar/astar.py -> /home/uli/robotics/ros2_ws/build/astar/build/lib/astar
[0.951s] copying astar/__init__.py -> /home/uli/robotics/ros2_ws/build/astar/build/lib/astar
[0.951s] running install
[0.952s] running install_lib
[0.952s] creating /home/uli/robotics/ros2_ws/install/astar/lib/python3.10/site-packages/astar
[0.952s] copying /home/uli/robotics/ros2_ws/build/astar/build/lib/astar/simple_map_publisher.py -> /home/uli/robotics/ros2_ws/install/astar/lib/python3.10/site-packages/astar
[0.952s] copying /home/uli/robotics/ros2_ws/build/astar/build/lib/astar/astar.py -> /home/uli/robotics/ros2_ws/install/astar/lib/python3.10/site-packages/astar
[0.952s] copying /home/uli/robotics/ros2_ws/build/astar/build/lib/astar/__init__.py -> /home/uli/robotics/ros2_ws/install/astar/lib/python3.10/site-packages/astar
[0.953s] byte-compiling /home/uli/robotics/ros2_ws/install/astar/lib/python3.10/site-packages/astar/simple_map_publisher.py to simple_map_publisher.cpython-310.pyc
[0.953s] byte-compiling /home/uli/robotics/ros2_ws/install/astar/lib/python3.10/site-packages/astar/astar.py to astar.cpython-310.pyc
[0.955s] byte-compiling /home/uli/robotics/ros2_ws/install/astar/lib/python3.10/site-packages/astar/__init__.py to __init__.cpython-310.pyc
[0.955s] running install_data
[0.955s] creating /home/uli/robotics/ros2_ws/install/astar/share/ament_index
[0.955s] creating /home/uli/robotics/ros2_ws/install/astar/share/ament_index/resource_index
[0.955s] creating /home/uli/robotics/ros2_ws/install/astar/share/ament_index/resource_index/packages
[0.955s] copying resource/astar -> /home/uli/robotics/ros2_ws/install/astar/share/ament_index/resource_index/packages
[0.955s] copying package.xml -> /home/uli/robotics/ros2_ws/install/astar/share/astar
[0.955s] creating /home/uli/robotics/ros2_ws/install/astar/share/astar/launch
[0.955s] copying launch/launch.py -> /home/uli/robotics/ros2_ws/install/astar/share/astar/launch
[0.955s] creating /home/uli/robotics/ros2_ws/install/astar/share/astar/rviz
[0.956s] copying rviz/astar_config.rviz -> /home/uli/robotics/ros2_ws/install/astar/share/astar/rviz
[0.956s] creating /home/uli/robotics/ros2_ws/install/astar/share/astar/maps
[0.956s] copying maps/test_map.yaml -> /home/uli/robotics/ros2_ws/install/astar/share/astar/maps
[0.956s] copying maps/test_map.py -> /home/uli/robotics/ros2_ws/install/astar/share/astar/maps
[0.956s] copying maps/test_map.pgm -> /home/uli/robotics/ros2_ws/install/astar/share/astar/maps
[0.956s] running install_egg_info
[0.957s] Copying ../../build/astar/astar.egg-info to /home/uli/robotics/ros2_ws/install/astar/lib/python3.10/site-packages/astar-0.0.0-py3.10.egg-info
[0.958s] running install_scripts
[0.976s] Installing astar script to /home/uli/robotics/ros2_ws/install/astar/lib/astar
[0.976s] Installing simple_map script to /home/uli/robotics/ros2_ws/install/astar/lib/astar
[0.976s] writing list of installed files to '/home/uli/robotics/ros2_ws/build/astar/install.log'
[1.000s] Invoked command in '/home/uli/robotics/ros2_ws/src/astar' returned '0': PYTHONPATH=/home/uli/robotics/ros2_ws/build/astar/prefix_override:/usr/lib/python3/dist-packages/colcon_core/task/python/colcon_distutils_commands:/home/uli/robotics/ros2_ws/install/astar/lib/python3.10/site-packages:${PYTHONPATH} /usr/bin/python3 -W ignore:setup.py install is deprecated -W ignore:easy_install command is deprecated setup.py egg_info --egg-base ../../build/astar build --build-base /home/uli/robotics/ros2_ws/build/astar/build install --record /home/uli/robotics/ros2_ws/build/astar/install.log --single-version-externally-managed install_data
