running egg_info
writing ../../build/astar/astar.egg-info/PKG-INFO
writing dependency_links to ../../build/astar/astar.egg-info/dependency_links.txt
writing entry points to ../../build/astar/astar.egg-info/entry_points.txt
writing requirements to ../../build/astar/astar.egg-info/requires.txt
writing top-level names to ../../build/astar/astar.egg-info/top_level.txt
reading manifest file '../../build/astar/astar.egg-info/SOURCES.txt'
writing manifest file '../../build/astar/astar.egg-info/SOURCES.txt'
running build
running build_py
copying astar/astar.py -> /home/uli/robotics/ros2_ws/build/astar/build/lib/astar
running install
running install_lib
copying /home/uli/robotics/ros2_ws/build/astar/build/lib/astar/astar.py -> /home/uli/robotics/ros2_ws/install/astar/lib/python3.10/site-packages/astar
byte-compiling /home/uli/robotics/ros2_ws/install/astar/lib/python3.10/site-packages/astar/astar.py to astar.cpython-310.pyc
running install_data
running install_egg_info
removing '/home/uli/robotics/ros2_ws/install/astar/lib/python3.10/site-packages/astar-0.0.0-py3.10.egg-info' (and everything under it)
Copying ../../build/astar/astar.egg-info to /home/uli/robotics/ros2_ws/install/astar/lib/python3.10/site-packages/astar-0.0.0-py3.10.egg-info
running install_scripts
Installing astar script to /home/uli/robotics/ros2_ws/install/astar/lib/astar
writing list of installed files to '/home/uli/robotics/ros2_ws/build/astar/install.log'
