[0.670s] Invoking command in '/home/uli/robotics/ros2_ws/src/astar': PYTHONPATH=/home/uli/robotics/ros2_ws/build/astar/prefix_override:/usr/lib/python3/dist-packages/colcon_core/task/python/colcon_distutils_commands:/home/uli/robotics/ros2_ws/install/astar/lib/python3.10/site-packages:${PYTHONPATH} /usr/bin/python3 -W ignore:setup.py install is deprecated -W ignore:easy_install command is deprecated setup.py egg_info --egg-base ../../build/astar build --build-base /home/uli/robotics/ros2_ws/build/astar/build install --record /home/uli/robotics/ros2_ws/build/astar/install.log --single-version-externally-managed install_data
[0.903s] running egg_info
[0.904s] writing ../../build/astar/astar.egg-info/PKG-INFO
[0.904s] writing dependency_links to ../../build/astar/astar.egg-info/dependency_links.txt
[0.904s] writing entry points to ../../build/astar/astar.egg-info/entry_points.txt
[0.904s] writing requirements to ../../build/astar/astar.egg-info/requires.txt
[0.904s] writing top-level names to ../../build/astar/astar.egg-info/top_level.txt
[0.906s] reading manifest file '../../build/astar/astar.egg-info/SOURCES.txt'
[0.906s] writing manifest file '../../build/astar/astar.egg-info/SOURCES.txt'
[0.907s] running build
[0.907s] running build_py
[0.907s] running install
[0.907s] running install_lib
[0.908s] running install_data
[0.908s] creating /home/uli/robotics/ros2_ws/install/astar/share/astar/launch
[0.908s] creating /home/uli/robotics/ros2_ws/install/astar/share/astar/rviz
[0.908s] creating /home/uli/robotics/ros2_ws/install/astar/share/astar/maps
[0.908s] running install_egg_info
[0.910s] Copying ../../build/astar/astar.egg-info to /home/uli/robotics/ros2_ws/install/astar/lib/python3.10/site-packages/astar-0.0.1-py3.10.egg-info
[0.916s] running install_scripts
[0.950s] Installing astar script to /home/uli/robotics/ros2_ws/install/astar/lib/astar
[0.950s] writing list of installed files to '/home/uli/robotics/ros2_ws/build/astar/install.log'
[0.973s] Invoked command in '/home/uli/robotics/ros2_ws/src/astar' returned '0': PYTHONPATH=/home/uli/robotics/ros2_ws/build/astar/prefix_override:/usr/lib/python3/dist-packages/colcon_core/task/python/colcon_distutils_commands:/home/uli/robotics/ros2_ws/install/astar/lib/python3.10/site-packages:${PYTHONPATH} /usr/bin/python3 -W ignore:setup.py install is deprecated -W ignore:easy_install command is deprecated setup.py egg_info --egg-base ../../build/astar build --build-base /home/uli/robotics/ros2_ws/build/astar/build install --record /home/uli/robotics/ros2_ws/build/astar/install.log --single-version-externally-managed install_data
