[0.148s] DEBUG:colcon:Command line arguments: ['/usr/bin/colcon', 'build']
[0.148s] DEBUG:colcon:Parsed command line arguments: Namespace(log_base=None, log_level=None, verb_name='build', build_base='build', install_base='install', merge_install=False, symlink_install=False, test_result_base=None, continue_on_error=False, executor='parallel', parallel_workers=8, event_handlers=None, ignore_user_meta=False, metas=['./colcon.meta'], base_paths=['.'], packages_ignore=None, packages_ignore_regex=None, paths=None, packages_up_to=None, packages_up_to_regex=None, packages_above=None, packages_above_and_dependencies=None, packages_above_depth=None, packages_select_by_dep=None, packages_skip_by_dep=None, packages_skip_up_to=None, packages_select_build_failed=False, packages_skip_build_finished=False, packages_select_test_failures=False, packages_skip_test_passed=False, packages_select=None, packages_skip=None, packages_select_regex=None, packages_skip_regex=None, packages_start=None, packages_end=None, allow_overriding=[], cmake_args=None, cmake_target=None, cmake_target_skip_unavailable=False, cmake_clean_cache=False, cmake_clean_first=False, cmake_force_configure=False, ament_cmake_args=None, catkin_cmake_args=None, catkin_skip_building_tests=False, mixin_files=None, mixin=None, verb_parser=<colcon_mixin.mixin.mixin_argument.MixinArgumentDecorator object at 0x7a175713ea70>, verb_extension=<colcon_core.verb.build.BuildVerb object at 0x7a17572bcf70>, main=<bound method BuildVerb.main of <colcon_core.verb.build.BuildVerb object at 0x7a17572bcf70>>, mixin_verb=('build',))
[0.331s] Level 1:colcon.colcon_core.package_discovery:discover_packages(colcon_meta) check parameters
[0.331s] Level 1:colcon.colcon_core.package_discovery:discover_packages(recursive) check parameters
[0.331s] Level 1:colcon.colcon_core.package_discovery:discover_packages(ignore) check parameters
[0.331s] Level 1:colcon.colcon_core.package_discovery:discover_packages(path) check parameters
[0.331s] Level 1:colcon.colcon_core.package_discovery:discover_packages(colcon_meta) discover
[0.331s] Level 1:colcon.colcon_core.package_discovery:discover_packages(recursive) discover
[0.331s] INFO:colcon.colcon_core.package_discovery:Crawling recursively for packages in '/home/uli/robotics/ros2_ws'
[0.331s] Level 1:colcon.colcon_core.package_identification:_identify(.) by extensions ['ignore', 'ignore_ament_install']
[0.331s] Level 1:colcon.colcon_core.package_identification:_identify(.) by extension 'ignore'
[0.331s] Level 1:colcon.colcon_core.package_identification:_identify(.) by extension 'ignore_ament_install'
[0.331s] Level 1:colcon.colcon_core.package_identification:_identify(.) by extensions ['colcon_pkg']
[0.332s] Level 1:colcon.colcon_core.package_identification:_identify(.) by extension 'colcon_pkg'
[0.332s] Level 1:colcon.colcon_core.package_identification:_identify(.) by extensions ['colcon_meta']
[0.332s] Level 1:colcon.colcon_core.package_identification:_identify(.) by extension 'colcon_meta'
[0.332s] Level 1:colcon.colcon_core.package_identification:_identify(.) by extensions ['ros']
[0.332s] Level 1:colcon.colcon_core.package_identification:_identify(.) by extension 'ros'
[0.355s] Level 1:colcon.colcon_core.package_identification:_identify(.) by extensions ['cmake', 'python']
[0.355s] Level 1:colcon.colcon_core.package_identification:_identify(.) by extension 'cmake'
[0.356s] Level 1:colcon.colcon_core.package_identification:_identify(.) by extension 'python'
[0.356s] Level 1:colcon.colcon_core.package_identification:_identify(.) by extensions ['python_setup_py']
[0.356s] Level 1:colcon.colcon_core.package_identification:_identify(.) by extension 'python_setup_py'
[0.356s] Level 1:colcon.colcon_core.package_identification:_identify(build) by extensions ['ignore', 'ignore_ament_install']
[0.356s] Level 1:colcon.colcon_core.package_identification:_identify(build) by extension 'ignore'
[0.356s] Level 1:colcon.colcon_core.package_identification:_identify(build) ignored
[0.356s] Level 1:colcon.colcon_core.package_identification:_identify(install) by extensions ['ignore', 'ignore_ament_install']
[0.356s] Level 1:colcon.colcon_core.package_identification:_identify(install) by extension 'ignore'
[0.356s] Level 1:colcon.colcon_core.package_identification:_identify(install) ignored
[0.356s] Level 1:colcon.colcon_core.package_identification:_identify(log) by extensions ['ignore', 'ignore_ament_install']
[0.356s] Level 1:colcon.colcon_core.package_identification:_identify(log) by extension 'ignore'
[0.356s] Level 1:colcon.colcon_core.package_identification:_identify(log) ignored
[0.356s] Level 1:colcon.colcon_core.package_identification:_identify(src) by extensions ['ignore', 'ignore_ament_install']
[0.357s] Level 1:colcon.colcon_core.package_identification:_identify(src) by extension 'ignore'
[0.357s] Level 1:colcon.colcon_core.package_identification:_identify(src) by extension 'ignore_ament_install'
[0.357s] Level 1:colcon.colcon_core.package_identification:_identify(src) by extensions ['colcon_pkg']
[0.357s] Level 1:colcon.colcon_core.package_identification:_identify(src) by extension 'colcon_pkg'
[0.357s] Level 1:colcon.colcon_core.package_identification:_identify(src) by extensions ['colcon_meta']
[0.357s] Level 1:colcon.colcon_core.package_identification:_identify(src) by extension 'colcon_meta'
[0.357s] Level 1:colcon.colcon_core.package_identification:_identify(src) by extensions ['ros']
[0.357s] Level 1:colcon.colcon_core.package_identification:_identify(src) by extension 'ros'
[0.357s] Level 1:colcon.colcon_core.package_identification:_identify(src) by extensions ['cmake', 'python']
[0.357s] Level 1:colcon.colcon_core.package_identification:_identify(src) by extension 'cmake'
[0.357s] Level 1:colcon.colcon_core.package_identification:_identify(src) by extension 'python'
[0.357s] Level 1:colcon.colcon_core.package_identification:_identify(src) by extensions ['python_setup_py']
[0.357s] Level 1:colcon.colcon_core.package_identification:_identify(src) by extension 'python_setup_py'
[0.357s] Level 1:colcon.colcon_core.package_identification:_identify(src/astar) by extensions ['ignore', 'ignore_ament_install']
[0.357s] Level 1:colcon.colcon_core.package_identification:_identify(src/astar) by extension 'ignore'
[0.357s] Level 1:colcon.colcon_core.package_identification:_identify(src/astar) by extension 'ignore_ament_install'
[0.357s] Level 1:colcon.colcon_core.package_identification:_identify(src/astar) by extensions ['colcon_pkg']
[0.357s] Level 1:colcon.colcon_core.package_identification:_identify(src/astar) by extension 'colcon_pkg'
[0.357s] Level 1:colcon.colcon_core.package_identification:_identify(src/astar) by extensions ['colcon_meta']
[0.357s] Level 1:colcon.colcon_core.package_identification:_identify(src/astar) by extension 'colcon_meta'
[0.358s] Level 1:colcon.colcon_core.package_identification:_identify(src/astar) by extensions ['ros']
[0.358s] Level 1:colcon.colcon_core.package_identification:_identify(src/astar) by extension 'ros'
[0.361s] DEBUG:colcon.colcon_core.package_identification:Package 'src/astar' with type 'ros.ament_python' and name 'astar'
[0.361s] Level 1:colcon.colcon_core.package_discovery:discover_packages(recursive) using defaults
[0.361s] Level 1:colcon.colcon_core.package_discovery:discover_packages(ignore) discover
[0.361s] Level 1:colcon.colcon_core.package_discovery:discover_packages(ignore) using defaults
[0.361s] Level 1:colcon.colcon_core.package_discovery:discover_packages(path) discover
[0.361s] Level 1:colcon.colcon_core.package_discovery:discover_packages(path) using defaults
[0.383s] Level 1:colcon.colcon_core.package_discovery:discover_packages(prefix_path) check parameters
[0.383s] Level 1:colcon.colcon_core.package_discovery:discover_packages(prefix_path) discover
[0.385s] WARNING:colcon.colcon_ros.prefix_path.ament:The path '/home/uli/robotics/ros2_ws/install/astar' in the environment variable AMENT_PREFIX_PATH doesn't exist
[0.386s] DEBUG:colcon.colcon_installed_package_information.package_discovery:Found 0 installed packages in /home/uli/robotics/ros2_ws/install
[0.387s] DEBUG:colcon.colcon_installed_package_information.package_discovery:Found 437 installed packages in /opt/ros/humble
[0.391s] Level 1:colcon.colcon_core.package_discovery:discover_packages(prefix_path) using defaults
[0.446s] Level 5:colcon.colcon_core.verb:set package 'astar' build argument 'cmake_args' from command line to 'None'
[0.446s] Level 5:colcon.colcon_core.verb:set package 'astar' build argument 'cmake_target' from command line to 'None'
[0.446s] Level 5:colcon.colcon_core.verb:set package 'astar' build argument 'cmake_target_skip_unavailable' from command line to 'False'
[0.446s] Level 5:colcon.colcon_core.verb:set package 'astar' build argument 'cmake_clean_cache' from command line to 'False'
[0.446s] Level 5:colcon.colcon_core.verb:set package 'astar' build argument 'cmake_clean_first' from command line to 'False'
[0.446s] Level 5:colcon.colcon_core.verb:set package 'astar' build argument 'cmake_force_configure' from command line to 'False'
[0.446s] Level 5:colcon.colcon_core.verb:set package 'astar' build argument 'ament_cmake_args' from command line to 'None'
[0.446s] Level 5:colcon.colcon_core.verb:set package 'astar' build argument 'catkin_cmake_args' from command line to 'None'
[0.446s] Level 5:colcon.colcon_core.verb:set package 'astar' build argument 'catkin_skip_building_tests' from command line to 'False'
[0.446s] DEBUG:colcon.colcon_core.verb:Building package 'astar' with the following arguments: {'ament_cmake_args': None, 'build_base': '/home/uli/robotics/ros2_ws/build/astar', 'catkin_cmake_args': None, 'catkin_skip_building_tests': False, 'cmake_args': None, 'cmake_clean_cache': False, 'cmake_clean_first': False, 'cmake_force_configure': False, 'cmake_target': None, 'cmake_target_skip_unavailable': False, 'install_base': '/home/uli/robotics/ros2_ws/install/astar', 'merge_install': False, 'path': '/home/uli/robotics/ros2_ws/src/astar', 'symlink_install': False, 'test_result_base': None}
[0.446s] INFO:colcon.colcon_core.executor:Executing jobs using 'parallel' executor
[0.447s] DEBUG:colcon.colcon_parallel_executor.executor.parallel:run_until_complete
[0.447s] INFO:colcon.colcon_ros.task.ament_python.build:Building ROS package in '/home/uli/robotics/ros2_ws/src/astar' with build type 'ament_python'
[0.447s] Level 1:colcon.colcon_core.shell:create_environment_hook('astar', 'ament_prefix_path')
[0.450s] INFO:colcon.colcon_core.plugin_system:Skipping extension 'colcon_core.shell.bat': Not used on non-Windows systems
[0.450s] INFO:colcon.colcon_core.shell:Creating environment hook '/home/uli/robotics/ros2_ws/install/astar/share/astar/hook/ament_prefix_path.ps1'
[0.451s] INFO:colcon.colcon_core.shell:Creating environment descriptor '/home/uli/robotics/ros2_ws/install/astar/share/astar/hook/ament_prefix_path.dsv'
[0.451s] INFO:colcon.colcon_core.shell:Creating environment hook '/home/uli/robotics/ros2_ws/install/astar/share/astar/hook/ament_prefix_path.sh'
[0.452s] INFO:colcon.colcon_core.shell:Skip shell extension 'powershell' for command environment: Not usable outside of PowerShell
[0.452s] DEBUG:colcon.colcon_core.shell:Skip shell extension 'dsv' for command environment
[0.723s] INFO:colcon.colcon_core.task.python.build:Building Python package in '/home/uli/robotics/ros2_ws/src/astar'
[0.723s] INFO:colcon.colcon_core.shell:Skip shell extension 'powershell' for command environment: Not usable outside of PowerShell
[0.723s] DEBUG:colcon.colcon_core.shell:Skip shell extension 'dsv' for command environment
[1.143s] DEBUG:colcon.colcon_core.event_handler.log_command:Invoking command in '/home/uli/robotics/ros2_ws/src/astar': PYTHONPATH=/home/uli/robotics/ros2_ws/build/astar/prefix_override:/usr/lib/python3/dist-packages/colcon_core/task/python/colcon_distutils_commands:/home/uli/robotics/ros2_ws/install/astar/lib/python3.10/site-packages:${PYTHONPATH} /usr/bin/python3 -W ignore:setup.py install is deprecated -W ignore:easy_install command is deprecated setup.py egg_info --egg-base ../../build/astar build --build-base /home/uli/robotics/ros2_ws/build/astar/build install --record /home/uli/robotics/ros2_ws/build/astar/install.log --single-version-externally-managed install_data
[1.448s] DEBUG:colcon.colcon_core.event_handler.log_command:Invoked command in '/home/uli/robotics/ros2_ws/src/astar' returned '0': PYTHONPATH=/home/uli/robotics/ros2_ws/build/astar/prefix_override:/usr/lib/python3/dist-packages/colcon_core/task/python/colcon_distutils_commands:/home/uli/robotics/ros2_ws/install/astar/lib/python3.10/site-packages:${PYTHONPATH} /usr/bin/python3 -W ignore:setup.py install is deprecated -W ignore:easy_install command is deprecated setup.py egg_info --egg-base ../../build/astar build --build-base /home/uli/robotics/ros2_ws/build/astar/build install --record /home/uli/robotics/ros2_ws/build/astar/install.log --single-version-externally-managed install_data
[1.451s] Level 1:colcon.colcon_core.environment:checking '/home/uli/robotics/ros2_ws/install/astar' for CMake module files
[1.452s] Level 1:colcon.colcon_core.environment:checking '/home/uli/robotics/ros2_ws/install/astar' for CMake config files
[1.452s] Level 1:colcon.colcon_core.environment:checking '/home/uli/robotics/ros2_ws/install/astar/lib'
[1.453s] Level 1:colcon.colcon_core.environment:checking '/home/uli/robotics/ros2_ws/install/astar/bin'
[1.453s] Level 1:colcon.colcon_core.environment:checking '/home/uli/robotics/ros2_ws/install/astar/lib/pkgconfig/astar.pc'
[1.453s] Level 1:colcon.colcon_core.environment:checking '/home/uli/robotics/ros2_ws/install/astar/lib/python3.10/site-packages'
[1.453s] Level 1:colcon.colcon_core.shell:create_environment_hook('astar', 'pythonpath')
[1.453s] INFO:colcon.colcon_core.shell:Creating environment hook '/home/uli/robotics/ros2_ws/install/astar/share/astar/hook/pythonpath.ps1'
[1.454s] INFO:colcon.colcon_core.shell:Creating environment descriptor '/home/uli/robotics/ros2_ws/install/astar/share/astar/hook/pythonpath.dsv'
[1.454s] INFO:colcon.colcon_core.shell:Creating environment hook '/home/uli/robotics/ros2_ws/install/astar/share/astar/hook/pythonpath.sh'
[1.455s] Level 1:colcon.colcon_core.environment:checking '/home/uli/robotics/ros2_ws/install/astar/bin'
[1.455s] Level 1:colcon.colcon_core.environment:create_environment_scripts_only(astar)
[1.455s] INFO:colcon.colcon_core.shell:Creating package script '/home/uli/robotics/ros2_ws/install/astar/share/astar/package.ps1'
[1.456s] INFO:colcon.colcon_core.shell:Creating package descriptor '/home/uli/robotics/ros2_ws/install/astar/share/astar/package.dsv'
[1.456s] INFO:colcon.colcon_core.shell:Creating package script '/home/uli/robotics/ros2_ws/install/astar/share/astar/package.sh'
[1.457s] INFO:colcon.colcon_core.shell:Creating package script '/home/uli/robotics/ros2_ws/install/astar/share/astar/package.bash'
[1.458s] INFO:colcon.colcon_core.shell:Creating package script '/home/uli/robotics/ros2_ws/install/astar/share/astar/package.zsh'
[1.458s] Level 1:colcon.colcon_core.environment:create_file_with_runtime_dependencies(/home/uli/robotics/ros2_ws/install/astar/share/colcon-core/packages/astar)
[1.459s] DEBUG:colcon.colcon_parallel_executor.executor.parallel:closing loop
[1.459s] DEBUG:colcon.colcon_parallel_executor.executor.parallel:loop closed
[1.459s] DEBUG:colcon.colcon_parallel_executor.executor.parallel:run_until_complete finished with '0'
[1.459s] DEBUG:colcon.colcon_core.event_reactor:joining thread
[1.464s] INFO:colcon.colcon_core.plugin_system:Skipping extension 'colcon_notification.desktop_notification.terminal_notifier': Not used on non-Darwin systems
[1.464s] INFO:colcon.colcon_core.plugin_system:Skipping extension 'colcon_notification.desktop_notification.win32': Not used on non-Windows systems
[1.464s] INFO:colcon.colcon_notification.desktop_notification:Sending desktop notification using 'notify2'
[1.474s] DEBUG:colcon.colcon_core.event_reactor:joined thread
[1.475s] INFO:colcon.colcon_core.shell:Creating prefix script '/home/uli/robotics/ros2_ws/install/local_setup.ps1'
[1.476s] INFO:colcon.colcon_core.shell:Creating prefix util module '/home/uli/robotics/ros2_ws/install/_local_setup_util_ps1.py'
[1.478s] INFO:colcon.colcon_core.shell:Creating prefix chain script '/home/uli/robotics/ros2_ws/install/setup.ps1'
[1.479s] INFO:colcon.colcon_core.shell:Creating prefix script '/home/uli/robotics/ros2_ws/install/local_setup.sh'
[1.480s] INFO:colcon.colcon_core.shell:Creating prefix util module '/home/uli/robotics/ros2_ws/install/_local_setup_util_sh.py'
[1.480s] INFO:colcon.colcon_core.shell:Creating prefix chain script '/home/uli/robotics/ros2_ws/install/setup.sh'
[1.481s] INFO:colcon.colcon_core.shell:Creating prefix script '/home/uli/robotics/ros2_ws/install/local_setup.bash'
[1.482s] INFO:colcon.colcon_core.shell:Creating prefix chain script '/home/uli/robotics/ros2_ws/install/setup.bash'
[1.483s] INFO:colcon.colcon_core.shell:Creating prefix script '/home/uli/robotics/ros2_ws/install/local_setup.zsh'
[1.483s] INFO:colcon.colcon_core.shell:Creating prefix chain script '/home/uli/robotics/ros2_ws/install/setup.zsh'
