running egg_info
creating ../../build/astar/astar.egg-info
writing ../../build/astar/astar.egg-info/PKG-INFO
writing dependency_links to ../../build/astar/astar.egg-info/dependency_links.txt
writing entry points to ../../build/astar/astar.egg-info/entry_points.txt
writing requirements to ../../build/astar/astar.egg-info/requires.txt
writing top-level names to ../../build/astar/astar.egg-info/top_level.txt
writing manifest file '../../build/astar/astar.egg-info/SOURCES.txt'
reading manifest file '../../build/astar/astar.egg-info/SOURCES.txt'
writing manifest file '../../build/astar/astar.egg-info/SOURCES.txt'
running build
running build_py
creating /home/uli/robotics/ros2_ws/build/astar/build
creating /home/uli/robotics/ros2_ws/build/astar/build/lib
creating /home/uli/robotics/ros2_ws/build/astar/build/lib/astar
copying astar/__init__.py -> /home/uli/robotics/ros2_ws/build/astar/build/lib/astar
running install
running install_lib
creating /home/uli/robotics/ros2_ws/install/astar/lib/python3.10/site-packages/astar
copying /home/uli/robotics/ros2_ws/build/astar/build/lib/astar/__init__.py -> /home/uli/robotics/ros2_ws/install/astar/lib/python3.10/site-packages/astar
byte-compiling /home/uli/robotics/ros2_ws/install/astar/lib/python3.10/site-packages/astar/__init__.py to __init__.cpython-310.pyc
running install_data
creating /home/uli/robotics/ros2_ws/install/astar/share/ament_index
creating /home/uli/robotics/ros2_ws/install/astar/share/ament_index/resource_index
creating /home/uli/robotics/ros2_ws/install/astar/share/ament_index/resource_index/packages
copying resource/astar -> /home/uli/robotics/ros2_ws/install/astar/share/ament_index/resource_index/packages
copying package.xml -> /home/uli/robotics/ros2_ws/install/astar/share/astar
running install_egg_info
Copying ../../build/astar/astar.egg-info to /home/uli/robotics/ros2_ws/install/astar/lib/python3.10/site-packages/astar-0.0.0-py3.10.egg-info
running install_scripts
writing list of installed files to '/home/uli/robotics/ros2_ws/build/astar/install.log'
