/home/uli/robotics/ros2_ws/install/astar/lib/python3.10/site-packages/astar/simple_map_publisher.py
/home/uli/robotics/ros2_ws/install/astar/lib/python3.10/site-packages/astar/astar.py
/home/uli/robotics/ros2_ws/install/astar/lib/python3.10/site-packages/astar/__init__.py
/home/uli/robotics/ros2_ws/install/astar/lib/python3.10/site-packages/astar/__pycache__/simple_map_publisher.cpython-310.pyc
/home/uli/robotics/ros2_ws/install/astar/lib/python3.10/site-packages/astar/__pycache__/astar.cpython-310.pyc
/home/uli/robotics/ros2_ws/install/astar/lib/python3.10/site-packages/astar/__pycache__/__init__.cpython-310.pyc
/home/uli/robotics/ros2_ws/install/astar/share/ament_index/resource_index/packages/astar
/home/uli/robotics/ros2_ws/install/astar/share/astar/package.xml
/home/uli/robotics/ros2_ws/install/astar/share/astar/launch/launch.py
/home/uli/robotics/ros2_ws/install/astar/share/astar/rviz/astar_config.rviz
/home/uli/robotics/ros2_ws/install/astar/share/astar/maps/test_map.yaml
/home/uli/robotics/ros2_ws/install/astar/share/astar/maps/test_map.py
/home/uli/robotics/ros2_ws/install/astar/share/astar/maps/test_map.pgm
/home/uli/robotics/ros2_ws/install/astar/lib/python3.10/site-packages/astar-0.0.0-py3.10.egg-info/requires.txt
/home/uli/robotics/ros2_ws/install/astar/lib/python3.10/site-packages/astar-0.0.0-py3.10.egg-info/zip-safe
/home/uli/robotics/ros2_ws/install/astar/lib/python3.10/site-packages/astar-0.0.0-py3.10.egg-info/PKG-INFO
/home/uli/robotics/ros2_ws/install/astar/lib/python3.10/site-packages/astar-0.0.0-py3.10.egg-info/entry_points.txt
/home/uli/robotics/ros2_ws/install/astar/lib/python3.10/site-packages/astar-0.0.0-py3.10.egg-info/top_level.txt
/home/uli/robotics/ros2_ws/install/astar/lib/python3.10/site-packages/astar-0.0.0-py3.10.egg-info/SOURCES.txt
/home/uli/robotics/ros2_ws/install/astar/lib/python3.10/site-packages/astar-0.0.0-py3.10.egg-info/dependency_links.txt
/home/uli/robotics/ros2_ws/install/astar/lib/astar/astar
/home/uli/robotics/ros2_ws/install/astar/lib/astar/simple_map
